[train] device=cpu threads=8 seed=42
[train] img_size=32 batch=128 epochs=15 balance=sampler clahe=True
[train] loading data (preprocessing is cached in RAM up front)
  train 31379 | val 7830  (cached in 48.0s)
[train] TrafficSignNet: 26,491 trainable parameters
[train] starting (15 epochs)
  epoch  1/15  train 3.4510/0.0896  val 3.2334/0.0997  lr 7.48e-04  17.4s  <- best
  epoch  2/15  train 2.7362/0.2408  val 2.4108/0.2912  lr 1.79e-03  18.8s  <- best
  epoch  3/15  train 2.2037/0.3849  val 2.0523/0.4289  lr 2.74e-03  19.4s  <- best
  epoch  4/15  train 1.8368/0.5220  val 1.7885/0.5110  lr 3.00e-03  19.0s  <- best
  epoch  5/15  train 1.5337/0.6456  val 1.3705/0.7160  lr 2.91e-03  19.4s  <- best
  epoch  6/15  train 1.3519/0.7191  val 1.2131/0.7802  lr 2.71e-03  19.2s  <- best
  epoch  7/15  train 1.2144/0.7794  val 1.0661/0.8455  lr 2.42e-03  19.2s  <- best
  epoch  8/15  train 1.1177/0.8173  val 0.9881/0.8616  lr 2.06e-03  20.6s  <- best
  epoch  9/15  train 1.0485/0.8451  val 0.8975/0.8963  lr 1.66e-03  20.1s  <- best
  epoch 10/15  train 1.0018/0.8640  val 0.9043/0.8877  lr 1.24e-03  18.5s
  epoch 11/15  train 0.9638/0.8765  val 0.8299/0.9144  lr 8.43e-04  18.3s  <- best
  epoch 12/15  train 0.9395/0.8874  val 0.8114/0.9248  lr 4.98e-04  22.3s  <- best
  epoch 13/15  train 0.9198/0.8948  val 0.7999/0.9248  lr 2.30e-04  18.4s
  epoch 14/15  train 0.9123/0.8977  val 0.8038/0.9248  lr 6.06e-05  17.0s
  epoch 15/15  train 0.9108/0.8951  val 0.8002/0.9254  lr 3.00e-06  19.9s  <- best
[train] done in 4m 47s
[train] best val accuracy: 0.9254
[train] checkpoint: ablations\half_width\best.pt
Next:
  python -m src.cli evaluate --checkpoint ablations\half_width\best.pt
