[train] device=cpu threads=8 seed=42
[train] img_size=32 batch=128 epochs=15 balance=none clahe=True
[train] loading data (preprocessing is cached in RAM up front)
  train 31379 | val 7830  (cached in 48.3s)
[train] TrafficSignNet: 99,019 trainable parameters
[train] starting (15 epochs)
  epoch  1/15  train 3.1001/0.1890  val 2.5232/0.3259  lr 7.48e-04  37.3s  <- best
  epoch  2/15  train 2.2028/0.3953  val 1.8758/0.4780  lr 1.79e-03  35.4s  <- best
  epoch  3/15  train 1.6885/0.5732  val 1.3872/0.6761  lr 2.74e-03  35.6s  <- best
  epoch  4/15  train 1.2443/0.7465  val 1.0392/0.8236  lr 3.00e-03  36.2s  <- best
  epoch  5/15  train 0.9480/0.8670  val 0.8281/0.8935  lr 2.91e-03  35.5s  <- best
  epoch  6/15  train 0.8141/0.9158  val 1.0001/0.8345  lr 2.71e-03  36.7s
  epoch  7/15  train 0.7345/0.9432  val 0.6660/0.9552  lr 2.42e-03  1m 16s  <- best
  epoch  8/15  train 0.6817/0.9575  val 0.6305/0.9663  lr 2.06e-03  1m 18s  <- best
  epoch  9/15  train 0.6458/0.9686  val 0.5655/0.9798  lr 1.66e-03  1m 19s  <- best
  epoch 10/15 train:  21%|4 | 52/246 [13:53<13:16:51, 246.45s/it, acc=0.977, loss=0.624]
  epoch 10/15 train:  21%|4 | 52/246 [13:53<13:16:51, 246.45s/it, acc=0.977, loss=0.624]
  epoch 10/15 train:  22%|6  | 53/246 [13:53<9:15:15, 172.62s/it, acc=0.977, loss=0.624]
  epoch 10/15 train:  22%|6  | 53/246 [13:53<9:15:15, 172.62s/it, acc=0.976, loss=0.624]
  epoch 10/15 train:  22%|6  | 54/246 [13:53<6:27:02, 120.95s/it, acc=0.976, loss=0.624]
  epoch 10/15 train:  22%|6  | 54/246 [13:54<6:27:02, 120.95s/it, acc=0.977, loss=0.623]
  epoch 10/15 train:  22%|8   | 55/246 [13:54<4:29:48, 84.76s/it, acc=0.977, loss=0.623]
  epoch 10/15 train:  22%|8   | 55/246 [13:54<4:29:48, 84.76s/it, acc=0.976, loss=0.623]
  epoch 10/15 train:  23%|9   | 56/246 [13:54<3:08:08, 59.41s/it, acc=0.976, loss=0.623]
  epoch 10/15 train:  23%|9   | 56/246 [13:54<3:08:08, 59.41s/it, acc=0.977, loss=0.623]
  epoch 10/15 train:  23%|9   | 57/246 [13:54<2:11:15, 41.67s/it, acc=0.977, loss=0.623]
  epoch 10/15 train:  23%|9   | 57/246 [13:54<2:11:15, 41.67s/it, acc=0.977, loss=0.623]
  epoch 10/15 train:  24%|9   | 58/246 [13:54<1:31:39, 29.25s/it, acc=0.977, loss=0.623]
  epoch 10/15 train:  24%|9   | 58/246 [13:55<1:31:39, 29.25s/it, acc=0.976, loss=0.624]
  epoch 10/15 train:  24%|9   | 59/246 [13:55<1:04:04, 20.56s/it, acc=0.976, loss=0.624]
  epoch 10/15 train:  24%|9   | 59/246 [13:55<1:04:04, 20.56s/it, acc=0.976, loss=0.624]
  epoch 10/15 train:  24%|#4    | 60/246 [13:55<44:51, 14.47s/it, acc=0.976, loss=0.624]
  epoch 10/15 train:  24%|#4    | 60/246 [13:55<44:51, 14.47s/it, acc=0.976, loss=0.625]
  epoch 10/15 train:  25%|#4    | 61/246 [13:55<31:29, 10.21s/it, acc=0.976, loss=0.625]
  epoch 10/15 train:  25%|#4    | 61/246 [13:56<31:29, 10.21s/it, acc=0.976, loss=0.624]
  epoch 10/15 train:  25%|#5    | 62/246 [13:56<22:11,  7.24s/it, acc=0.976, loss=0.624]
  epoch 10/15 train:  25%|#5    | 62/246 [13:56<22:11,  7.24s/it, acc=0.976, loss=0.624]
  epoch 10/15 train:  26%|#5    | 63/246 [13:56<15:43,  5.16s/it, acc=0.976, loss=0.624]
  epoch 10/15 train:  26%|#5    | 63/246 [13:56<15:43,  5.16s/it, acc=0.976, loss=0.624]
  epoch 10/15 train:  26%|#5    | 64/246 [13:56<11:13,  3.70s/it, acc=0.976, loss=0.624]
  epoch 10/15 train:  26%|#5    | 64/246 [13:56<11:13,  3.70s/it, acc=0.976, loss=0.623]
  epoch 10/15 train:  26%|#5    | 65/246 [13:56<08:04,  2.67s/it, acc=0.976, loss=0.623]
  epoch 10/15 train:  26%|#5    | 65/246 [13:57<08:04,  2.67s/it, acc=0.976, loss=0.623]
  epoch 10/15 train:  27%|#6    | 66/246 [13:57<05:53,  1.96s/it, acc=0.976, loss=0.623]
  epoch 10/15 train:  27%|#   | 66/246 [1:16:30<05:53,  1.96s/it, acc=0.976, loss=0.623]
  epoch 10/15 train:  27%|2| 67/246 [1:16:30<56:02:59, 1127.26s/it, acc=0.976, loss=0.62
  epoch 10/15 train:  27%|2| 67/246 [1:16:30<56:02:59, 1127.26s/it, acc=0.976, loss=0.62
  epoch 10/15 train:  28%|2| 68/246 [1:16:30<39:01:24, 789.24s/it, acc=0.976, loss=0.623
  epoch 10/15 train:  28%|2| 68/246 [1:16:30<39:01:24, 789.24s/it, acc=0.976, loss=0.624
  epoch 10/15 train:  28%|2| 69/246 [1:16:30<27:10:01, 552.55s/it, acc=0.976, loss=0.624
  epoch 10/15 train:  28%|2| 69/246 [1:16:31<27:10:01, 552.55s/it, acc=0.976, loss=0.624
  epoch 10/15 train:  28%|2| 70/246 [1:16:31<18:54:47, 386.86s/it, acc=0.976, loss=0.624
  epoch 10/15 train:  28%|2| 70/246 [1:16:31<18:54:47, 386.86s/it, acc=0.976, loss=0.625
  epoch 10/15 train:  29%|2| 71/246 [1:16:31<13:10:01, 270.87s/it, acc=0.976, loss=0.625
  epoch 10/15 train:  29%|2| 71/246 [1:16:31<13:10:01, 270.87s/it, acc=0.976, loss=0.625
  epoch 10/15 train:  29%|2| 72/246 [1:16:31<9:10:02, 189.67s/it, acc=0.976, loss=0.625]
  epoch 10/15 train:  29%|2| 72/246 [1:16:31<9:10:02, 189.67s/it, acc=0.976, loss=0.625]
  epoch 10/15 train:  30%|2| 73/246 [1:16:31<6:22:57, 132.82s/it, acc=0.976, loss=0.625]
  epoch 10/15 train:  30%|2| 73/246 [1:16:31<6:22:57, 132.82s/it, acc=0.976, loss=0.625]
  epoch 10/15 train:  30%|6 | 74/246 [1:16:31<4:26:39, 93.02s/it, acc=0.976, loss=0.625]
  epoch 10/15 train:  30%|6 | 74/246 [1:16:32<4:26:39, 93.02s/it, acc=0.976, loss=0.624]
  epoch 10/15 train:  30%|6 | 75/246 [1:16:32<3:05:42, 65.16s/it, acc=0.976, loss=0.624]
  epoch 10/15 train:  30%|6 | 75/246 [1:16:32<3:05:42, 65.16s/it, acc=0.976, loss=0.624]
  epoch 10/15 train:  31%|6 | 76/246 [1:16:32<2:09:21, 45.65s/it, acc=0.976, loss=0.624]
  epoch 10/15 train:  31%|6 | 76/246 [1:16:32<2:09:21, 45.65s/it, acc=0.975, loss=0.624]
  epoch 10/15 train:  31%|6 | 77/246 [1:16:32<1:30:07, 32.00s/it, acc=0.975, loss=0.624]
  epoch 10/15 train:  31%|6 | 77/246 [1:16:32<1:30:07, 32.00s/it, acc=0.975, loss=0.624]
  epoch 10/15 train:  32%|6 | 78/246 [1:16:32<1:02:49, 22.44s/it, acc=0.975, loss=0.624]
  epoch 10/15 train:  32%|6 | 78/246 [1:16:32<1:02:49, 22.44s/it, acc=0.976, loss=0.623]
  epoch 10/15 train:  32%|#2  | 79/246 [1:16:32<43:50, 15.75s/it, acc=0.976, loss=0.623]
  epoch 10/15 train:  32%|#2  | 79/246 [1:16:32<43:50, 15.75s/it, acc=0.976, loss=0.623]
  epoch 10/15 train:  33%|#3  | 80/246 [1:16:32<30:38, 11.07s/it, acc=0.976, loss=0.623]
  epoch 10/15 train:  33%|#3  | 80/246 [1:16:33<30:38, 11.07s/it, acc=0.975, loss=0.624]
  epoch 10/15 train:  33%|#3  | 81/246 [1:16:33<21:31,  7.83s/it, acc=0.975, loss=0.624]
  epoch 10/15 train:  33%|#3  | 81/246 [1:16:33<21:31,  7.83s/it, acc=0.975, loss=0.625]
  epoch 10/15 train:  33%|#3  | 82/246 [1:16:33<15:12,  5.56s/it, acc=0.975, loss=0.625]
  epoch 10/15 train:  33%|#3  | 82/246 [1:16:33<15:12,  5.56s/it, acc=0.975, loss=0.625]
  epoch 10/15 train:  34%|#3  | 83/246 [1:16:33<10:48,  3.98s/it, acc=0.975, loss=0.625]
  epoch 10/15 train:  34%|#3  | 83/246 [1:16:33<10:48,  3.98s/it, acc=0.975, loss=0.625]
  epoch 10/15 train:  34%|#3  | 84/246 [1:16:33<07:41,  2.85s/it, acc=0.975, loss=0.625]
  epoch 10/15 train:  34%|#3  | 84/246 [1:16:34<07:41,  2.85s/it, acc=0.975, loss=0.625]
  epoch 10/15 train:  35%|#3  | 85/246 [1:16:34<05:30,  2.05s/it, acc=0.975, loss=0.625]
  epoch 10/15 train:  35%|#3  | 85/246 [1:16:34<05:30,  2.05s/it, acc=0.975, loss=0.625]
  epoch 10/15 train:  35%|#3  | 86/246 [1:16:34<04:02,  1.51s/it, acc=0.975, loss=0.625]
  epoch 10/15 train:  35%|#3  | 86/246 [1:16:34<04:02,  1.51s/it, acc=0.975, loss=0.624]
  epoch 10/15 train:  35%|#4  | 87/246 [1:16:34<03:02,  1.15s/it, acc=0.975, loss=0.624]
  epoch 10/15 train:  35%|#4  | 87/246 [1:16:34<03:02,  1.15s/it, acc=0.975, loss=0.624]
  epoch 10/15 train:  43%|4| 105/246 [2:20:25<44:58:45, 1148.41s/it, acc=0.975, loss=0.6
  epoch 10/15 train:  43%|4| 105/246 [2:20:25<44:58:45, 1148.41s/it, acc=0.975, loss=0.6
  epoch 10/15 train:  43%|4| 106/246 [2:20:25<31:15:49, 803.93s/it, acc=0.975, loss=0.62
  epoch 10/15 train:  43%|4| 106/246 [2:20:26<31:15:49, 803.93s/it, acc=0.975, loss=0.62
  epoch 10/15 train:  43%|4| 107/246 [2:20:26<21:44:25, 563.06s/it, acc=0.975, loss=0.62
  epoch 10/15 train:  43%|4| 107/246 [2:20:27<21:44:25, 563.06s/it, acc=0.975, loss=0.62
  epoch 10/15 train:  44%|4| 108/246 [2:20:27<15:07:14, 394.46s/it, acc=0.975, loss=0.62
  epoch 10/15 train:  44%|4| 108/246 [2:20:27<15:07:14, 394.46s/it, acc=0.975, loss=0.62
  epoch 10/15 train:  44%|4| 109/246 [2:20:27<10:30:50, 276.28s/it, acc=0.975, loss=0.62
  epoch 10/15 train:  44%|4| 109/246 [2:20:28<10:30:50, 276.28s/it, acc=0.975, loss=0.62
  epoch 10/15 train:  45%|4| 110/246 [2:20:28<7:18:37, 193.51s/it, acc=0.975, loss=0.623
  epoch 10/15 train:  45%|4| 110/246 [2:20:28<7:18:37, 193.51s/it, acc=0.975, loss=0.624
  epoch 10/15 train:  45%|4| 111/246 [2:20:28<5:05:00, 135.56s/it, acc=0.975, loss=0.624
  epoch 10/15 train:  45%|4| 111/246 [2:20:29<5:05:00, 135.56s/it, acc=0.975, loss=0.624
  epoch 10/15 train:  46%|4| 112/246 [2:20:29<3:32:11, 95.01s/it, acc=0.975, loss=0.624]
  epoch 10/15 train:  46%|4| 112/246 [2:20:29<3:32:11, 95.01s/it, acc=0.975, loss=0.624]
  epoch 10/15 train:  46%|4| 113/246 [2:20:29<2:27:42, 66.64s/it, acc=0.975, loss=0.624]
  epoch 10/15 train:  46%|4| 113/246 [2:20:29<2:27:42, 66.64s/it, acc=0.975, loss=0.623]
  epoch 10/15 train:  46%|4| 114/246 [2:20:29<1:42:49, 46.74s/it, acc=0.975, loss=0.623]
  epoch 10/15 train:  46%|4| 114/246 [2:20:30<1:42:49, 46.74s/it, acc=0.975, loss=0.623]
  epoch 10/15 train:  47%|4| 115/246 [2:20:30<1:11:35, 32.79s/it, acc=0.975, loss=0.623]
  epoch 10/15 train:  47%|4| 115/246 [2:20:30<1:11:35, 32.79s/it, acc=0.975, loss=0.623]
  epoch 10/15 train:  47%|#4 | 116/246 [2:20:30<49:56, 23.05s/it, acc=0.975, loss=0.623]
  epoch 10/15 train:  47%|#4 | 116/246 [2:20:30<49:56, 23.05s/it, acc=0.975, loss=0.623]
  epoch 10/15 train:  48%|#4 | 117/246 [2:20:30<34:53, 16.23s/it, acc=0.975, loss=0.623]
  epoch 10/15 train:  48%|#4 | 117/246 [2:20:31<34:53, 16.23s/it, acc=0.975, loss=0.622]
  epoch 10/15 train:  48%|#4 | 118/246 [2:20:31<24:34, 11.52s/it, acc=0.975, loss=0.622]
  epoch 10/15 train:  48%|#4 | 118/246 [2:20:31<24:34, 11.52s/it, acc=0.975, loss=0.623]
  epoch 10/15 train:  48%|#4 | 119/246 [2:20:31<17:19,  8.18s/it, acc=0.975, loss=0.623]
  epoch 10/15 train:  48%|#4 | 119/246 [2:20:31<17:19,  8.18s/it, acc=0.975, loss=0.622]
  epoch 10/15 train:  49%|#4 | 120/246 [2:20:31<12:14,  5.83s/it, acc=0.975, loss=0.622]
  epoch 10/15 train:  49%|#4 | 120/246 [2:20:32<12:14,  5.83s/it, acc=0.975, loss=0.622]
  epoch 10/15 train:  49%|#4 | 121/246 [2:20:32<08:41,  4.17s/it, acc=0.975, loss=0.622]
  epoch 10/15 train:  49%|#4 | 121/246 [2:20:32<08:41,  4.17s/it, acc=0.976, loss=0.622]
  epoch 10/15 train:  50%|#4 | 122/246 [2:20:32<06:11,  2.99s/it, acc=0.976, loss=0.622]
  epoch 10/15 train:  50%|#4 | 122/246 [2:20:32<06:11,  2.99s/it, acc=0.976, loss=0.622]
  epoch 10/15 train:  50%|#5 | 123/246 [2:20:32<04:26,  2.17s/it, acc=0.976, loss=0.622]
  epoch 10/15 train:  50%|#5 | 123/246 [2:20:32<04:26,  2.17s/it, acc=0.976, loss=0.622]
  epoch 10/15 train:  50%|#5 | 124/246 [2:20:32<03:14,  1.60s/it, acc=0.976, loss=0.622]
  epoch 10/15 train:  50%|#5 | 124/246 [2:20:33<03:14,  1.60s/it, acc=0.976, loss=0.622]
  epoch 10/15 train:  51%|#5 | 125/246 [2:20:33<02:26,  1.21s/it, acc=0.976, loss=0.622]
  epoch 10/15 train:  51%|#5 | 125/246 [2:20:33<02:26,  1.21s/it, acc=0.976, loss=0.622]
  epoch 10/15  train 0.6174/0.9761  val 0.5661/0.9826  lr 1.24e-03  2h 21m 5s  <- best
[train] wall-clock limit reached (30.0 min); stopping
[train] done in 2h 28m 36s
[train] best val accuracy: 0.9826
[train] checkpoint: ablations\no_balance\best.pt
Next:
  python -m src.cli evaluate --checkpoint ablations\no_balance\best.pt
