[train] device=cpu threads=8 seed=42
[train] img_size=32 batch=128 epochs=15 balance=sampler clahe=False
[train] loading data (preprocessing is cached in RAM up front)
  train 31379 | val 7830  (cached in 1m 31s)
[train] TrafficSignNet: 99,019 trainable parameters
[train] starting (15 epochs)
  epoch  1/15  train 3.2914/0.1257  val 3.0449/0.1433  lr 7.48e-04  1m 23s  <- best
  epoch  2/15  train 2.5456/0.2969  val 2.3617/0.3075  lr 1.79e-03  1m 24s  <- best
  epoch  3/15  train 2.0115/0.4618  val 2.4032/0.3618  lr 2.74e-03  1m 24s  <- best
  epoch  4/15  train 1.5332/0.6465  val 1.5936/0.6216  lr 3.00e-03  1m 11s  <- best
  epoch  5/15  train 1.1952/0.7750  val 1.1951/0.7715  lr 2.91e-03  37.0s  <- best
  epoch  6/15  train 0.9877/0.8545  val 0.9928/0.8359  lr 2.71e-03  37.0s  <- best
  epoch  7/15  train 0.8590/0.9034  val 0.8529/0.9006  lr 2.42e-03  39.3s  <- best
  epoch  8/15  train 0.7854/0.9276  val 0.7947/0.9074  lr 2.06e-03  36.3s  <- best
  epoch  9/15  train 0.7252/0.9474  val 0.7269/0.9378  lr 1.66e-03  35.8s  <- best
  epoch 10/15  train 0.6925/0.9579  val 0.7241/0.9400  lr 1.24e-03  34.7s  <- best
  epoch 11/15  train 0.6649/0.9651  val 0.6615/0.9540  lr 8.43e-04  34.4s  <- best
  epoch 12/15  train 0.6385/0.9717  val 0.6368/0.9602  lr 4.98e-04  36.2s  <- best
  epoch 13/15  train 0.6233/0.9763  val 0.6336/0.9595  lr 2.30e-04  50.8s
  epoch 14/15  train 0.6147/0.9785  val 0.6281/0.9618  lr 6.06e-05  1m 17s  <- best
  epoch 15/15  train 0.6140/0.9793  val 0.6264/0.9626  lr 3.00e-06  1m 25s  <- best
[train] done in 13m 47s
[train] best val accuracy: 0.9626
[train] checkpoint: ablations\no_clahe\best.pt
Next:
  python -m src.cli evaluate --checkpoint ablations\no_clahe\best.pt
